
===========================================================================
 report_power
============================================================================
======================= Fastest Corner ===================================

Group                  Internal  Switching    Leakage      Total
                          Power      Power      Power      Power (Watts)
----------------------------------------------------------------
Sequential             2.62e-05   9.74e-07   7.26e-11   2.72e-05  18.8%
Combinational          7.70e-05   4.07e-05   1.28e-09   1.18e-04  81.2%
Macro                  0.00e+00   0.00e+00   0.00e+00   0.00e+00   0.0%
Pad                    0.00e+00   0.00e+00   0.00e+00   0.00e+00   0.0%
----------------------------------------------------------------
Total                  1.03e-04   4.17e-05   1.35e-09   1.45e-04 100.0%
                          71.2%      28.8%       0.0%

======================= Slowest Corner ===================================

Group                  Internal  Switching    Leakage      Total
                          Power      Power      Power      Power (Watts)
----------------------------------------------------------------
Sequential             1.78e-05   6.50e-07   7.33e-08   1.85e-05  18.3%
Combinational          5.54e-05   2.69e-05   4.12e-07   8.27e-05  81.7%
Macro                  0.00e+00   0.00e+00   0.00e+00   0.00e+00   0.0%
Pad                    0.00e+00   0.00e+00   0.00e+00   0.00e+00   0.0%
----------------------------------------------------------------
Total                  7.32e-05   2.75e-05   4.85e-07   1.01e-04 100.0%
                          72.3%      27.2%       0.5%

======================= Typical Corner ===================================

Group                  Internal  Switching    Leakage      Total
                          Power      Power      Power      Power (Watts)
----------------------------------------------------------------
Sequential             2.26e-05   8.24e-07   4.22e-11   2.35e-05  18.6%
Combinational          6.80e-05   3.44e-05   8.66e-10   1.02e-04  81.4%
Macro                  0.00e+00   0.00e+00   0.00e+00   0.00e+00   0.0%
Pad                    0.00e+00   0.00e+00   0.00e+00   0.00e+00   0.0%
----------------------------------------------------------------
Total                  9.06e-05   3.52e-05   9.08e-10   1.26e-04 100.0%
                          72.0%      28.0%       0.0%

